refusals in the plan by rule: {"family:mismatch":5674,"component:CAB-":1823,"component:FAN-":40,"subject:out":1782,"component:GLC-":529,"not_applicable:transceiver":29,"class:software":1382,"class:license":8429,"class:non_product":132,"category:transceiver":182,"component:PWR-":387,"family:unknown":123,"component:SFP":874,"component:-PWR-":390,"component:-FAN-":363,"component:-PAC-":216,"component:-PDC-":113,"component:-PSU":28,"subject:not-judged":4,"component:-SSD":171,"component:CBL-":16,"component:CPAK-":24,"component:XFP":16,"component:DWDM-":1,"component:X2-":6,"component:FET-":15}
family refusals by category: n / of which the part holds NO current fact for the key / of those a req|cond cup  || admitted under T (slug OR title): n / empty / empty req
  routers                    3890 / 2386 / 1250   ||  T 2038 / 1103 / 567
  interfaces-modules         970 / 916 / 258   ||  T 16 / 16 / 5
  switches                   589 / 347 / 177   ||  T 148 / 56 / 6
  collaboration-endpoints    216 / 120 / 120   ||  T 216 / 120 / 120
  wireless                   86 / 83 / 37   ||  T 0 / 0 / 0
  servers-unified-computing  32 / 8 / 0   ||  T 0 / 0 / 0
  optical-networking         14 / 14 / 2   ||  T 0 / 0 / 0
groups 189
  371 T= 371  routers | 4fb41a26e3dd6255 | slug=887-integrated-services-router-isr | title=Cisco 880 Series Integrated Services Routers - Data Sheet | series=ISR 810 / 840 / 860 / 870 / 880 / 890  skus(95)=C881-K9 CISCO881-K9 CISCO881-SEC-K9 CISCO881W-GN-A-K9  keys=qos_features:95 flash:95 certifications:95 supported_protocols:86
  280 T=   0  interfaces-modules | f06b537d8957ff32 | slug=catalyst-8300-series-edge-platforms | title=Cisco Catalyst 8300 Series Edge Platforms Data Sheet | series=NIM (Network Interface Modules)  skus(35)=NIM-1MFT-T1/E1 NIM-2MFT-T1/E1 NIM-4MFT-T1/E1 NIM-8MFT-T1/E1  keys=supported_protocols:35 qos_features:35 crypto_algorithms:35 temp_operating:35
  264 T=   0  interfaces-modules | 1b00076fbd280814 | slug=catalyst-8200-series-edge-platforms | title=Cisco Catalyst 8200 Series Edge Platforms Data Sheet | series=NIM (Network Interface Modules)  skus(33)=NIM-1MFT-T1/E1 NIM-2MFT-T1/E1 NIM-4MFT-T1/E1 NIM-8MFT-T1/E1  keys=supported_protocols:33 qos_features:33 crypto_algorithms:33 temp_operating:33
  216 T= 216  collaboration-endpoints | e573c2b895e21bb2 | slug=unified-ip-phone-7900-series | title=Cisco Unified Wireless IP Phone 7921G | series=Unified Wireless IP Phone 7920 / 7921 / 7925 / 7926  skus(27)=CP-7921G-A-K9 CP-7921G-A-K9= CP-7921G-AC-CH1-K9 CP-7921G-AE-CH1-K9  keys=audio_codecs:27 supported_protocols:27 ui_languages:27 temp_operating:27
  198 T= 198  routers | eeedf4783e30b825 | slug=800-series-routers | title=Cisco 819 Integrated Services Routers with 3G and Wi-Fi Data Sheet | series=ISR 819 (M2M)  skus(22)=PWR2-20W-AC PWR2-20W-12VDC PWR1-20W-24VDC PWR2-20W-24VDC  keys=temp_operating:44 qos_features:22 programming_interfaces:22 supported_protocols:22
  164 T= 164  routers | 83d7519e01b9f982 | slug=network-convergence-system-5500-series | title=Cisco Network Convergence System 5700 Series: 1GE to 400GE Line Cards  | series=NCS 5700  skus(26)=NC-57-48Q2D-S NC-57-48Q2D-SE-S NC-57-MOD-S NC-57-36H6D-S  keys=certifications:34 supported_protocols:26 segment_routing_features:26 qos_features:26
  160 T= 160  routers | 1ad0b794548c594e | slug=network-convergence-system-5500-series | title=Network Convergence System 5700 Series: NCS-57C3 Chassis Data Sheet | series=NCS 5700  skus(16)=NC57-MPA-12L-S-FC NC57-MPA-1FH1D-FC NC57-MPA-2D4H-FC NC57-MPA-12L-S  keys=ipv4_routes:16 supported_protocols:16 segment_routing_features:16 qos_features:16
  117 T= 117  routers | 23c966d84c51cbdd | slug=network-convergence-system-5500-series | title=Cisco Network Convergence System 5700 Series: Modular Port Adapters Da | series=NCS 5700  skus(13)=NC57-MPA-12L-S-FC NC57-MPA-1FH1D-FC NC57-MPA-2D4H-FC NC57-MPA-12L-S  keys=temp_operating:52 humidity_operating:13 humidity_storage:13 altitude_max:13
  112 T=  16  routers | 30684916aee80d45 | slug=800-series-routers | title=Cisco 880G and 890G Series 4G LTE 2.0 Integrated Services Routers - Da | series=ISR 810 / 840 / 860 / 870 / 880 / 890  skus(14)=C881G-4G C899G-LTE C896VAG-LTE C898EAG-LTE  keys=dram:28 qos_features:14 programming_interfaces:14 flash:14
  112 T=   0  routers | 8e3a62fc89fc76f1 | slug=catalyst-ir1800-rugged-series-routers | title=Cisco Catalyst IR1800 Rugged Series Routers Data Sheet | series=  skus(16)=ANT-3-4G2G1-O ANT-4G-OMNI-OUT-N ANT-2-4G2-O ANT-5-4G2WL2G1-O  keys=dram:16 flash:16 mounting:16 temp_operating:16
  110 T=   0  routers | 9730e42e7a74bf4a | slug=rv260-vpn-router | title=Cisco RV260 VPN Routers Data Sheet | series=RV Series  skus(10)=RV260W RV260W-A-K9-AR RV260W-A-K9-AU RV260W-A-K9-BR  keys=operating_system:10 supported_protocols:10 encryption:10 jumbo_mtu:10
  102 T=   0  switches | 025ed93f1b5e9c8a | slug=nexus-9000-series-switches | title=Cisco N9300 Platform Switches Data Sheet | series=Nexus 9300  skus(17)=N9K-C9300-FAN2 N9K-C9300-FAN2-B N9K-C9300-ACK N9K-C9300-RMK  keys=temp_operating:17 temp_storage:17 humidity_operating:17 altitude_max:17
   96 T=   0  routers | 182e3672a258ad84 | slug=829-industrial-router | title=Cisco 829 Industrial Integrated Services Routers Data Sheet | series=  skus(8)=ANT-3-4G2G1-O ANT-4G-OMNI-OUT-N ANT-4G-PNL-OUT-N 3G/4G  keys=dram:24 qos_features:8 programming_interfaces:8 supported_protocols:8
   88 T=   0  interfaces-modules | f06b537d8957ff32 | slug=catalyst-8300-series-edge-platforms | title=Cisco Catalyst 8300 Series Edge Platforms Data Sheet | series=SM-X and SM Service Modules  skus(11)=SM-X-8FXS/12FXO SM-X-16FXS/2FXO SM-X-24FXS/4FXO SM-X-72FXS  keys=supported_protocols:11 qos_features:11 crypto_algorithms:11 temp_operating:11
   84 T=  84  routers | ffa7adcd2a377361 | slug=2000-series-connected-grid-routers | title=Cisco 2010 Connected Grid Router Data Sheet | series=CGR 2010 Connected Grid  skus(12)=GRWIC-ISDN-1B-U= GRWIC-2SHDSL= GRWIC-1CE1T1-PRI= GRWIC-2CE1T1-PRI=  keys=temp_operating:24 altitude_max:24 dram:12 humidity_operating:12
   84 T=  84  routers | f6f4765f11d958c1 | slug=network-convergence-system-5500-series | title=Cisco Network Convergence System 5700 Series: NCS-57D2-18DD Fixed Chas | series=NCS 5700  skus(7)=NC57-2RU-ACC-KIT NC57-2RU-ACC-KIT2 NC57-2RU-ACC-KIT3 NC57-2RU-ACC-KIT4  keys=supported_protocols:7 segment_routing_features:7 qos_features:7 programming_interfaces:7
   84 T=  84  routers | 5485d38d87b5628d | slug=network-convergence-system-5500-series | title=Cisco Network Convergence System 5700 Series: NCS-57B1 Fixed Chassis D | series=NCS 5700  skus(7)=NC57-B1-FAN1-FW NCS-57B1-5D24H-SE NCS-57B1-5DSE-SYS NCS-57B1-5DSE-TRK  keys=supported_protocols:7 segment_routing_features:7 qos_features:7 programming_interfaces:7
   72 T=   0  routers | 182e3672a258ad84 | slug=829-industrial-router | title=Cisco 829 Industrial Integrated Services Routers Data Sheet | series=IR 800  skus(6)=IR829GW-LTE-NA-AK9 IR829GW-LTE-VZ-AK9 IR800-IL-POE IR829-DC-PWRCORD  keys=dram:18 qos_features:6 programming_interfaces:6 supported_protocols:6
   66 T=  66  routers | d4d35493a8a3ff44 | slug=network-convergence-system-500-series-routers | title=Cisco Network Convergence System 520 Data Sheet | series=NCS 520, 540 and 560  skus(22)=N520-20G4Z-A N520-20G4Z-D N520-4G4Z-A N520-CBL-BRKT  keys=supported_protocols:22 qos_features:22 programming_interfaces:22
   63 T=   0  routers | 3c9af914be303043 | slug=1000-series-integrated-services-routers-isr | title=Cisco 1000 Series Integrated Services Routers Data Sheet | series=ISR 1100  skus(21)=C1121-4P C1121-4PLTEP C1111X-8P C1101-4P  keys=certifications:21 emc_emissions:21 emc_immunity:21
   60 T=  60  routers | 8681e4a656ec9835 | slug=rv160-vpn-router | title=Cisco RV160 VPN Router and RV160W Wireless-AC VPN Router Data Sheet | series=RV Series  skus(10)=RV160W RV160W-A-K9-AR RV160W-A-K9-AU RV160W-A-K9-BR  keys=operating_system:10 supported_protocols:10 jumbo_mtu:10 temp_storage:10
   56 T=   0  interfaces-modules | e16e6f059b712909 | slug=catalyst-8200-series-edge-ucpe | title=Cisco Catalyst 8200 Series Edge uCPE Data Sheet | series=NIM (Network Interface Modules)  skus(7)=NIM-1T NIM-2T NIM-4T NIM-ES2-4  keys=supported_protocols:7 qos_features:7 crypto_algorithms:7 temp_operating:7
   54 T=  54  routers | f202cd45fb36710d | slug=810-integrated-services-routers-isr | title=Cisco 819 Non-Hardened 4G LTE 2.5 Machine-to-Machine Integrated Servic | series=ISR 819 (M2M)  skus(6)=PWR2-20W-AC PWR2-20W-12VDC PWR2-20W-24VDC C819GW-LTE-LA-NK9  keys=qos_features:6 programming_interfaces:6 supported_protocols:6 dram:6
   52 T=  52  switches | 6808d677ec50358c | slug=nexus-5624q-switch | title=Cisco Nexus 5600 Platform 40-Gbps Switches Data Sheet | series=Nexus 5600  skus(26)=N5600-M12Q N5600-M12Q= N5696-M12Q N5696-M12Q=  keys=emc_emissions:26 emc_immunity:26
   52 T=   0  routers | 7c08e3422c82ba65 | slug=800-series-routers | title=Cisco 880VA Series Integrated Services Routers Data Sheet | series=ISR 810 / 840 / 860 / 870 / 880 / 890  skus(13)=C886VA-K9 C886VAJ-K9 C887VA-K9 C887VAM-K9  keys=qos_features:13 supported_protocols:13 flash:13 certifications:13
   48 T=  48  routers | 585ea334a738d76f | slug=1000-series-integrated-services-routers-isr | title=Cisco ISR1100 and ISR1100X Series Routers Data Sheet | series=ISR 1100  skus(6)=ISR1100-4GLTENA ISR1100-4GLTEGB ISR1100-4G ISR1100-6G  keys=supported_protocols:6 qos_features:6 crypto_algorithms:6 wireless_security:6
   48 T=   0  routers | 561c0f07d63e8571 | slug=800-series-routers | title=Cisco 812 CiFi Integrated Services Routers (3G-3.7G Cellular and Wi-Fi | series=ISR 810 / 840 / 860 / 870 / 880 / 890  skus(6)=C810-POE-SPL C812G+7-K9 C812G-CIFI+7-E-K9 C812G-CIFI+7-N-K9  keys=qos_features:6 programming_interfaces:6 supported_protocols:6 temp_operating:6
   48 T=   0  routers | 8bdfe7347c556d84 | slug=800-series-routers | title=Cisco 890G Series 4G LTE 2.5 Integrated Services Routers for Asia, Aus | series=ISR 810 / 840 / 860 / 870 / 880 / 890  skus(6)=C899G-LTE C898EAG-LTE C897VAG-LTE C897VAG-LTE-LA-K9  keys=dram:12 qos_features:6 programming_interfaces:6 flash:6
   48 T=   0  routers | 163e8998487b6873 | slug=network-convergence-system-5500-series | title=Cisco Network Convergence System 5500 Series: 55A2 Chassis Data Sheet | series=NCS 5700  skus(4)=NC57-MPA-12L-S-FC NC57-MPA-2D4H-FC NC57-MPA-12L-S NC57-MPA-2D4H-S  keys=temp_operating:8 dram:4 supported_protocols:4 segment_routing_features:4
   48 T=   0  routers | c2f2c267baa2122a | slug=catalyst-8500-series-edge-platforms | title=Cisco Catalyst 8500 Series Edge Platforms Data Sheet | series=Catalyst 8500L  skus(12)=C8500L-8S4X C8500L-4PT-KIT C8500L-4PT-KIT= C8500L-RM-19-1R  keys=supported_protocols:12 qos_features:12 crypto_algorithms:12 certifications:12
   48 T=   0  wireless | 182e3672a258ad84 | slug=829-industrial-router | title=Cisco 829 Industrial Integrated Services Routers Data Sheet | series=Antennas  skus(4)=AIR-ANT2524DB-R AIR-ANT2547V-N AIR-ANT2547V-N-HZ AIR-ANT5135  keys=dram:12 qos_features:4 programming_interfaces:4 supported_protocols:4
   45 T=  45  routers | 1eef1eacffec3d25 | slug=2000-series-connected-grid-routers | title=Cisco Connected Grid 2G/3G/4G Multimode Long Term Evolution (LTE) GRWI | series=  skus(5)=ANT-4G-SR-OUT-TNC ANT-4G-CM-IN-TNC ANT-4G-OMNI-OUT-N ANT-4G-PNL-OUT-N  keys=temp_operating:10 altitude_max:10 shock:5 humidity_operating:5
   44 T=   0  interfaces-modules | a330b9242b320fa0 | slug=catalyst-ir8300-rugged-series-router | title=Cisco Catalyst IR8300 Rugged Series Router Data Sheet | series=Pluggable Interface Modules (LTE / 5G / serial)  skus(4)=P-LTEA7-NA P-LTEA7-EAL P-LTEA7-JP P-5GS6-R16SA-GL  keys=temp_operating:8 altitude_max:8 supported_protocols:4 crypto_algorithms:4
   44 T=   0  routers | 9423911387165534 | slug=800-series-routers | title=Cisco 860VAE Series Integrated Services Routers - Data Sheet | series=ISR 810 / 840 / 860 / 870 / 880 / 890  skus(11)=C866VAE-K9 C866VAE-W-E-K9 C867VAE C867VAE-K9  keys=supported_protocols:11 qos_features:11 flash:11 certifications:11
   42 T=   0  routers | 3b3868dd363b648d | slug=1000-series-connected-grid-routers | title=Cisco Connected Grid Cellular Modules for the Cisco 1000 Series Connec | series=  skus(6)=ANT-4G-SR-OUT-TNC ANT-3-4G2G1-O ANT-4G-CM-IN-TNC ANT-4G-OMNI-OUT-N  keys=altitude_max:12 shock:6 emc_emissions:6 emc_immunity:6
   42 T=  42  routers | d527fab196e02ec3 | slug=800-series-routers | title=Cisco 890 Series Integrated Services Routers Data Sheet | series=ISR 810 / 840 / 860 / 870 / 880 / 890  skus(14)=ACS-890-RM-19 C891-24X/K9 C891F-K9 C891FW-A-K9  keys=qos_features:14 dram:14 certifications:14
   40 T=   4  interfaces-modules | 834d24533f2a64fb | slug=high-speed-wan-interface-cards | title=Cisco EtherSwitch 4- and 9-Port High-Speed WAN Interface Cards | series=EHWIC / HWIC / VWIC / WIC  skus(10)=HWIC-4ESW HWIC-4ESW-POE HWIC-4ESW-POE= HWIC-4ESW=  keys=programming_interfaces:10 temp_operating:10 humidity_operating:10 temp_storage:10
   38 T=   0  routers | b06d49cb21a5df4c | slug=asr-903-series-aggregation-services-routers | title=Cisco ASR 900 Series Interface Modules Data Sheet | series=  skus(19)=PANEL-3G-COMBO-1 PANEL-3G-COMBO-2 PANEL-3G-COMBO-1S PANEL-3G-COMBO-2S  keys=humidity_operating:19 temp_storage:19
   36 T=  36  routers | 36487b1298137c74 | slug=819-integrated-services-router-isr | title=Cisco 819 4G LTE 2.0 Machine-to-Machine Integrated Services Routers Da | series=  skus(4)=PWR2-22W-20-60VDC ANT-4G-SR-OUT-TNC ANT-4G-OMNI-OUT-N ANT-4G-PNL-OUT-N  keys=qos_features:4 programming_interfaces:4 supported_protocols:4 dram:4
   36 T=   0  switches | 66f24c36fabebf74 | slug=nexus-9000-series-switches | title=Cisco N9200 Platform Switches Data Sheet | series=  skus(6)=N9K-PUV-1200W NXA-PHV-350W-PI NXA-PHV-350W-PE NXA-SFAN-30CFM-PE  keys=temp_operating:6 temp_storage:6 humidity_operating:6 altitude_max:6
   36 T=  36  routers | 3427f0cd196e4481 | slug=2000-series-connected-grid-routers | title=Cisco Channelized T1/E1 and ISDN PRI Modules for the Cisco 2010 Connec | series=CGR 2010 Connected Grid  skus(4)=GRWIC-1CE1T1-PRI GRWIC-1CE1T1-PRI= GRWIC-2CE1T1-PRI GRWIC-2CE1T1-PRI=  keys=temp_operating:8 altitude_max:8 humidity_operating:4 certifications:4
   36 T=  36  routers | 1eef1eacffec3d25 | slug=2000-series-connected-grid-routers | title=Cisco Connected Grid 2G/3G/4G Multimode Long Term Evolution (LTE) GRWI | series=CGR 2010 Connected Grid  skus(4)=GRWIC-4G-LTE-EA GRWIC-4G-LTE-EA= GRWIC-4G-LTE-LA GRWIC-4G-LTE-LA=  keys=temp_operating:8 altitude_max:8 shock:4 humidity_operating:4
   36 T=   0  routers | 3396c9a8e6e91d8a | slug=8000-series-routers | title=Cisco 8010 Series Large Density Fixed Routers Data Sheet | series=  skus(9)=RCKMT-19-KIT1 RCKMT-19-KIT2 RCKMT-19-V1 RCKMT-23-KIT1  keys=supported_protocols:9 segment_routing_features:9 qos_features:9 programming_interfaces:9
   36 T=   0  switches | 66f24c36fabebf74 | slug=nexus-9000-series-switches | title=Cisco N9200 Platform Switches Data Sheet | series=Nexus 9200  skus(6)=N9K-C92160YC-X N9K-C92300YC N9K-C92304QC N9K-C92348GC-FX3  keys=temp_operating:6 temp_storage:6 humidity_operating:6 altitude_max:6
   36 T=  24  switches | c294a6ef715a933d | slug=nexus-9000-series-switches | title=Cisco N9300-EX, FX, and FX3 24 Port Series Switches Data Sheet | series=Nexus 9300  skus(6)=N9K-C93108TC-EX-24 N9K-C93108TC-FX-24 N9K-C93108TC-FX3H N9K-C93180YC-EX-24  keys=temp_operating:6 temp_storage:6 humidity_operating:6 altitude_max:6
   33 T=   0  interfaces-modules | 36946c9e3057461a | slug=1101-industrial-integrated-services-router | title=Cisco Catalyst IR1101 Rugged Series Router Data Sheet | series=Pluggable Interface Modules (LTE / 5G / serial)  skus(3)=P-LTEA7-NA P-LTEA7-EAL P-LTEA7-JP  keys=dram:6 qos_features:3 supported_protocols:3 flash:3
   33 T=   0  routers | a330b9242b320fa0 | slug=catalyst-ir8300-rugged-series-router | title=Cisco Catalyst IR8300 Rugged Series Router Data Sheet | series=IR 8300  skus(3)=IR8340-K9 IRM-NIM-2T1E1 IRM-NIM-RS232  keys=temp_operating:6 altitude_max:6 supported_protocols:3 crypto_algorithms:3
   32 T=   0  routers | f06b537d8957ff32 | slug=catalyst-8300-series-edge-platforms | title=Cisco Catalyst 8300 Series Edge Platforms Data Sheet | series=  skus(4)=M2USB-16G M2USB-32G SSD-M2NVME-2T SSD-M2SED-600G  keys=supported_protocols:4 qos_features:4 crypto_algorithms:4 temp_operating:4
   32 T=   0  routers | e16e6f059b712909 | slug=catalyst-8200-series-edge-ucpe | title=Cisco Catalyst 8200 Series Edge uCPE Data Sheet | series=  skus(4)=HDD-SATA-2TB M2USB-75G SSD-M2NVME-2T SSD-M2NVME-600G  keys=supported_protocols:4 qos_features:4 crypto_algorithms:4 temp_operating:4
   32 T=   0  servers-unified-computing | f06b537d8957ff32 | slug=catalyst-8300-series-edge-platforms | title=Cisco Catalyst 8300 Series Edge Platforms Data Sheet | series=UCS E-Series  skus(4)=UCS-E1100D-M6/K9 UCS-E1120D-M3/K9 UCS-E160S-M3/K9 UCS-E180D-M3/K9  keys=supported_protocols:4 qos_features:4 crypto_algorithms:4 temp_operating:4
   30 T=   0  routers | bb710e9c53c311e6 | slug=network-convergence-system-4200-series | title=Cisco NCS 4200 Series Network Convergence System Interface Modules Dat | series=  skus(15)=PANEL-3G-COMBO-1 PANEL-3G-COMBO-2 PANEL-3G-COMBO-1S PANEL-3G-COMBO-2S  keys=humidity_operating:15 temp_storage:15
   30 T=   0  routers | 3f4ba2d43e77a0e4 | slug=catalyst-ir8100-heavy-duty-series-routers | title=Cisco Catalyst IR8100 Heavy Duty Series Router Data Sheet | series=IR 8100  skus(5)=IRMH-LTE7-NA-900 IRMH-5GR16SA IR8140H-K9 IR8140H-P-K9  keys=mounting:5 dram:5 flash:5 certifications:5
   30 T=  30  routers | 22dc609cb4fed267 | slug=819-integrated-services-router-isr | title=Cisco 819 4G LTE M2M Gateway Integrated Service Routers Data Sheet | series=  skus(3)=ANT-4G-SR-OUT-TNC ANT-4G-OMNI-OUT-N ANT-4G-PNL-OUT-N  keys=temp_operating:6 qos_features:3 programming_interfaces:3 supported_protocols:3
   30 T=   0  routers | 3f4ba2d43e77a0e4 | slug=catalyst-ir8100-heavy-duty-series-routers | title=Cisco Catalyst IR8100 Heavy Duty Series Router Data Sheet | series=  skus(5)=ANT-LPWA-DB-O-N-5 ANT-5G-OMNI-OUT-N ANT-4-5G4-O IR-IP67GLAND  keys=mounting:5 dram:5 flash:5 certifications:5
   30 T=   0  routers | 07ac5acc909a3e58 | slug=network-convergence-system-5500-series | title=Cisco Network Convergence System 5500 Series Modular Chassis | series=NCS 5700  skus(10)=NC57-18D12TH-SB NC57-18D12TH-SB= NC57-24X400G-BA NC57-24X400G-BA=  keys=certifications:10 emc_emissions:10 emc_immunity:10
   30 T=  30  switches | d27ae43f2e280e20 | slug=nexus-9000-series-switches | title=Cisco N9300-FX2 Series Switches Data Sheet | series=Nexus 9300  skus(5)=N9K-C93216TC-FX2 N9K-C93240YC-FX2 N9K-C93360YC-FX2 N9K-C9336C-FX2  keys=temp_operating:5 temp_storage:5 humidity_operating:5 altitude_max:5
   29 T=  29  routers | b0342d1e0aea2e44 | slug=wide-area-application-services-waas-software | title=ASR 1000 Series Route Processor Data Sheet | series=ASR 1000  skus(29)=ASR1000-RP1 ASR1000-RP1= ASR1000-RP2 ASR1000-RP2=  keys=certifications:29
   28 T=   0  routers | b06d49cb21a5df4c | slug=asr-903-series-aggregation-services-routers | title=Cisco ASR 900 Series Interface Modules Data Sheet | series=NCS 4200  skus(14)=CABLE-16TDM-C CABLE-16TDM-C-L1 CABLE-16TDM-C-L2 CABLE-16TDM-C-L3  keys=humidity_operating:14 temp_storage:14
   28 T=   0  interfaces-modules | 8e3a62fc89fc76f1 | slug=catalyst-ir1800-rugged-series-routers | title=Cisco Catalyst IR1800 Rugged Series Routers Data Sheet | series=Pluggable Interface Modules (LTE / 5G / serial)  skus(4)=P-LTEA7-NA P-LTEA7-EAL P-LTEA7-JP P-5GS6-R16SA-GL  keys=dram:4 flash:4 mounting:4 temp_operating:4
   28 T=   0  routers | 3b96ea14e79e56bd | slug=catalyst-8500-series-edge-platforms | title=Cisco Catalyst 8500 Series Edge Platforms Data Sheet | series=Catalyst 8500L  skus(7)=C8500L-8S4X C8500L-4PT-KIT C8500L-4PT-KIT= C8500L-RM-19-1R  keys=supported_protocols:7 qos_features:7 crypto_algorithms:7 certifications:7
   27 T=   0  routers | f3c2e4e7292410f4 | slug=819-integrated-services-router-isr | title=Cisco 819 Non-Hardened 4G LTE 2.0 Machine-to-Machine Integrated Servic | series=ISR 810 / 840 / 860 / 870 / 880 / 890  skus(3)=ACS-810-DM ACS-810-FWM C810-POE-SPL  keys=qos_features:3 programming_interfaces:3 supported_protocols:3 dram:3
   27 T=   0  routers | 36487b1298137c74 | slug=819-integrated-services-router-isr | title=Cisco 819 4G LTE 2.0 Machine-to-Machine Integrated Services Routers Da | series=ISR 810 / 840 / 860 / 870 / 880 / 890  skus(3)=ACS-810-DM ACS-810-FWM C810-POE-SPL  keys=qos_features:3 programming_interfaces:3 supported_protocols:3 dram:3
   27 T=  27  routers | f202cd45fb36710d | slug=810-integrated-services-routers-isr | title=Cisco 819 Non-Hardened 4G LTE 2.5 Machine-to-Machine Integrated Servic | series=  skus(3)=ANT-4G-SR-OUT-TNC ANT-4G-OMNI-OUT-N ANT-4G-PNL-OUT-N  keys=qos_features:3 programming_interfaces:3 supported_protocols:3 dram:3
   27 T=  27  routers | f3c2e4e7292410f4 | slug=819-integrated-services-router-isr | title=Cisco 819 Non-Hardened 4G LTE 2.0 Machine-to-Machine Integrated Servic | series=  skus(3)=ANT-4G-SR-OUT-TNC ANT-4G-OMNI-OUT-N ANT-4G-PNL-OUT-N  keys=qos_features:3 programming_interfaces:3 supported_protocols:3 dram:3
   26 T=   0  routers | 8e3a62fc89fc76f1 | slug=catalyst-ir1800-rugged-series-routers | title=Cisco Catalyst IR1800 Rugged Series Routers Data Sheet | series=IR 1800  skus(4)=IR1833-K9 IR1835-K9 IRM-1800-M12KIT IRM-1800-M12KIT=  keys=flash:4 mounting:4 temp_operating:4 altitude_max:4
   24 T=   0  switches | d27ae43f2e280e20 | slug=nexus-9000-series-switches | title=Cisco N9300-FX2 Series Switches Data Sheet | series=  skus(4)=N9K-PUV-1200W NXA-PHV-1100W-PE NXA-PHV-1100W-PI NXK-ACC-KIT-1RU  keys=temp_operating:4 temp_storage:4 humidity_operating:4 altitude_max:4
   24 T=   0  switches | 66f24c36fabebf74 | slug=nexus-9000-series-switches | title=Cisco N9200 Platform Switches Data Sheet | series=Nexus 9300  skus(4)=N9K-C9300-FAN3 N9K-C9300-FAN3-B N9K-C9300-ACK N9K-C9300-RMK  keys=temp_operating:4 temp_storage:4 humidity_operating:4 altitude_max:4
   24 T=  24  routers | 30684916aee80d45 | slug=800-series-routers | title=Cisco 880G and 890G Series 4G LTE 2.0 Integrated Services Routers - Da | series=  skus(3)=ANT-4G-SR-OUT-TNC ANT-4G-OMNI-OUT-N ANT-4G-PNL-OUT-N  keys=dram:6 qos_features:3 programming_interfaces:3 flash:3
   24 T=  24  routers | 8bdfe7347c556d84 | slug=800-series-routers | title=Cisco 890G Series 4G LTE 2.5 Integrated Services Routers for Asia, Aus | series=  skus(3)=ANT-4G-SR-OUT-TNC ANT-4G-OMNI-OUT-N ANT-4G-PNL-OUT-N  keys=dram:6 qos_features:3 programming_interfaces:3 flash:3
   24 T=   0  routers | a5dbf1f67727ca95 | slug=8000-series-routers | title=Cisco 8700 Series Routers Data Sheet | series=  skus(8)=PSU1.2KW-DCPE PSU1.2KW-DCPI PSU1100W-ACPE PSU1100W-ACPI  keys=programming_interfaces:8 certifications:8 emc_immunity:8
   24 T=   0  routers | 5485d38d87b5628d | slug=network-convergence-system-5500-series | title=Cisco Network Convergence System 5700 Series: NCS-57B1 Fixed Chassis D | series=  skus(2)=PSU2KW-ACPI PSU2KW-DCPI  keys=supported_protocols:2 segment_routing_features:2 qos_features:2 programming_interfaces:2
   24 T=   0  routers | f6f4765f11d958c1 | slug=network-convergence-system-5500-series | title=Cisco Network Convergence System 5700 Series: NCS-57D2-18DD Fixed Chas | series=  skus(2)=PSU2KW-ACPI PSU2KW-DCPI  keys=supported_protocols:2 segment_routing_features:2 qos_features:2 programming_interfaces:2
   24 T=  24  routers | 68e07cc6c3e1988f | slug=network-convergence-system-5000-series | title=Cisco Network Convergence System 5500 Series: 36X100G MACsec Modular L | series=NCS 5500  skus(4)=NC55-36X100G-BM NC55-36X100G-BM= NC55-36X100G-U-BM NC55-36X100G-U-BM=  keys=supported_protocols:4 segment_routing_features:4 qos_features:4 programming_interfaces:4
   24 T=  24  routers | 77b5f6976a1d2f87 | slug=network-convergence-system-5000-series | title=Cisco Network Convergence System 5500 Series: Modular Line Cards NC55- | series=NCS 5500  skus(4)=NC55-36X100G-BA NC55-36X100G-BA= NC55-36X100G-U-BA NC55-36X100G-U-BA=  keys=supported_protocols:4 segment_routing_features:4 qos_features:4 programming_interfaces:4
   24 T=   0  routers | 92b1ee16755274c1 | slug=network-convergence-system-5500-series | title=Cisco Network Convergence System 5500 Series: NCS-55A1-24Q6H-S and NCS | series=  skus(2)=NCS-1100W-ACFW NCS-950W-DCFW  keys=supported_protocols:2 segment_routing_features:2 qos_features:2 programming_interfaces:2
   22 T=   0  routers | 1b6724676304801a | slug=809-industrial-router | title=Cisco 809 Industrial Integrated Services Routers Data Sheet | series=IR 800  skus(2)=IR809G-LTE-GA-K9 IR809G-LTE-LA-K9  keys=dram:4 qos_features:2 programming_interfaces:2 supported_protocols:2
   22 T=   0  routers | 1b6724676304801a | slug=809-industrial-router | title=Cisco 809 Industrial Integrated Services Routers Data Sheet | series=  skus(2)=ANT-3-4G2G1-O ANT-4G-DP-IN-TNC  keys=dram:4 qos_features:2 programming_interfaces:2 supported_protocols:2
   21 T=   0  interfaces-modules | 24ae5f20fead09ba | slug=1905-serial-integrated-services-router-isr | title=Cisco 1905 Series Integrated Services Routers | series=EHWIC / HWIC / VWIC / WIC  skus(7)=HWIC-1T HWIC-4ESW EHWIC-3G-HSPA+7 EHWIC-3G-HSPA-U  keys=supported_protocols:7 qos_features:7 altitude_storage:7
   21 T=  21  routers | 4e02e9b6f92bde03 | slug=800-series-routers | title=Cisco 860 Series Integrated Services Routers | series=ISR 810 / 840 / 860 / 870 / 880 / 890  skus(7)=CISCO861-K9 CISCO861W-GN-A-K9 CISCO861W-GN-E-K9 CISCO861W-GN-P-K9  keys=qos_features:7 certifications:7 temp_operating:7
   20 T=   0  routers | 22dc609cb4fed267 | slug=819-integrated-services-router-isr | title=Cisco 819 4G LTE M2M Gateway Integrated Service Routers Data Sheet | series=ISR 810 / 840 / 860 / 870 / 880 / 890  skus(2)=ACS-810-DM ACS-810-FWM  keys=temp_operating:4 qos_features:2 programming_interfaces:2 supported_protocols:2
   20 T=   0  routers | b92977dc1668ab81 | slug=1000-series-connected-grid-routers | title=Cisco Connected Grid for 1000 Series WiMax Module Data Sheet | series=  skus(4)=ANT-1.4-PNL-OUT-N ANT-1.8-PNL-OUT-N ANT-2.3-PNL-OUT-N ANT-3.X-PNL-OUT-N  keys=altitude_max:8 shock:4 certifications:4 altitude_storage:4
   20 T=   0  interfaces-modules | 4fb41a26e3dd6255 | slug=887-integrated-services-router-isr | title=Cisco 880 Series Integrated Services Routers - Data Sheet | series=Cellular and WAN interface modules (MC / PCEX / WIM)  skus(5)=PCEX-3G-CDMA-B PCEX-3G-CDMA-S PCEX-3G-CDMA-V PCEX-3G-HSPA-G  keys=qos_features:5 supported_protocols:5 flash:5 certifications:5
   18 T=   0  interfaces-modules | 3c9af914be303043 | slug=1000-series-integrated-services-routers-isr | title=Cisco 1000 Series Integrated Services Routers Data Sheet | series=Pluggable Interface Modules (LTE / 5G / serial)  skus(6)=P-LTEA7-NA P-LTEA7-EAL P-LTEA7-JP P-5GS6-GL  keys=certifications:6 emc_emissions:6 emc_immunity:6
   18 T=   0  routers | eeedf4783e30b825 | slug=800-series-routers | title=Cisco 819 Integrated Services Routers with 3G and Wi-Fi Data Sheet | series=  skus(2)=PWR1-20W-AC PWR1-20W-12VDC  keys=temp_operating:4 qos_features:2 programming_interfaces:2 supported_protocols:2
   18 T=   0  routers | eeedf4783e30b825 | slug=800-series-routers | title=Cisco 819 Integrated Services Routers with 3G and Wi-Fi Data Sheet | series=ISR 810 / 840 / 860 / 870 / 880 / 890  skus(2)=ACS-810-DM ACS-810-FWM  keys=temp_operating:4 qos_features:2 programming_interfaces:2 supported_protocols:2
   18 T=  18  routers | f479514a178c24b1 | slug=network-convergence-system-500-series-routers | title=Cisco Network Convergence System 540 Medium Density Routers Data Sheet | series=NCS 520, 540 and 560  skus(3)=N540-24Z8Q2C-SYS N540-ACC-SYS N540X-ACC-SYS  keys=supported_protocols:3 segment_routing_features:3 qos_features:3 programming_interfaces:3
   18 T=  18  switches | d4f2edad9ed4f1eb | slug=nexus-5000-series-switches | title=Cisco Nexus 5600 Platform 10-Gbps Switches Data Sheet | series=Nexus 5600  skus(9)=N56-M24UP2Q N56-M24UP2Q= N5672-ACC-KIT= N5K-C56128P  keys=emc_emissions:9 emc_immunity:9
   18 T=   0  switches | 3e6013a0dc9b94e5 | slug=nexus-9000-series-switches | title=Cisco N9300-FX Series Switches Data Sheet | series=  skus(3)=N9K-PUV-1200W NXK-ACC-KIT-1RU NXK-ACC-KIT-2P  keys=temp_operating:3 temp_storage:3 humidity_operating:3 altitude_max:3
   18 T=   0  routers | 10f44aa4d91b0c5d | slug=network-convergence-system-5500-series | title=Cisco Network Convergence System 5500 Series: Dense 25G Fixed Chassis  | series=  skus(2)=NCS-1100W-ACFW NCS-950W-DCFW  keys=dram:2 ipv4_routes:2 supported_protocols:2 segment_routing_features:2
   18 T=   0  routers | 2362772905997ea1 | slug=network-convergence-system-5700-series | title=Cisco Network Convergence System 5700 Series: NCS-57C1 Fixed Chassis D | series=  skus(2)=NCS-1100W-ACFW NCS-950W-DCFW  keys=supported_protocols:2 segment_routing_features:2 qos_features:2 programming_interfaces:2
   18 T=  18  switches | 933e0fe67d60ea3c | slug=nexus-5000-series-switches | title=Cisco Nexus 2000 and Nexus 5500 Switches Data Sheet | series=Nexus 5500  skus(6)=N5548-ACC-KIT= N5596-ACC-KIT= N5K-C5548P-FA N5K-C5548UP-FA  keys=certifications:6 emc_emissions:6 emc_immunity:6
   18 T=   0  switches | c43bdb7cb8408cc1 | slug=nexus-9000-series-switches | title=Cisco N9300-EX Series Switches Data Sheet | series=Nexus 9300  skus(3)=N9K-C93108TC-EX N9K-C93180LC-EX N9K-C93180YC-EX  keys=temp_operating:3 temp_storage:3 humidity_operating:3 altitude_max:3
   18 T=   0  switches | 3e6013a0dc9b94e5 | slug=nexus-9000-series-switches | title=Cisco N9300-FX Series Switches Data Sheet | series=Nexus 9300  skus(3)=N9K-C93108TC-FX N9K-C93180YC-FX N9K-C9348GC-FXP  keys=temp_operating:3 temp_storage:3 humidity_operating:3 altitude_max:3
   16 T=   0  routers | 834d24533f2a64fb | slug=high-speed-wan-interface-cards | title=Cisco EtherSwitch 4- and 9-Port High-Speed WAN Interface Cards | series=ISR 2800  skus(4)=CISCO2801-AC-IP CISCO2811-AC-IP CISCO2821-AC-IP CISCO2851-AC-IP  keys=programming_interfaces:4 temp_operating:4 humidity_operating:4 temp_storage:4
   16 T=   0  routers | 50c420e55dd23313 | slug=8000-series | title=Cisco 8010 Series Medium Density Fixed Routers Data Sheet | series=  skus(4)=RCKMT-19-A RCKMT-19-D RCKMT-23-A RCKMT-23-D  keys=supported_protocols:4 segment_routing_features:4 qos_features:4 programming_interfaces:4
   16 T=   0  routers | 8f6659f8bff28ca8 | slug=8000-series-routers | title=Cisco 8010 Series Medium Density Fixed Routers Data Sheet | series=  skus(4)=RCKMT-19-A RCKMT-19-D RCKMT-23-A RCKMT-23-D  keys=supported_protocols:4 segment_routing_features:4 qos_features:4 programming_interfaces:4
   16 T=   0  interfaces-modules | 1b00076fbd280814 | slug=catalyst-8200-series-edge-platforms | title=Cisco Catalyst 8200 Series Edge Platforms Data Sheet | series=Pluggable Interface Modules (LTE / 5G / serial)  skus(2)=P-5GS6-GL P-LTEAP18-GL  keys=supported_protocols:2 qos_features:2 crypto_algorithms:2 temp_operating:2
   16 T=   0  interfaces-modules | f06b537d8957ff32 | slug=catalyst-8300-series-edge-platforms | title=Cisco Catalyst 8300 Series Edge Platforms Data Sheet | series=Pluggable Interface Modules (LTE / 5G / serial)  skus(2)=P-5GS6-GL P-LTEAP18-GL  keys=supported_protocols:2 qos_features:2 crypto_algorithms:2 temp_operating:2
   16 T=  16  routers | cdc4fb9e3635852c | slug=2000-series-connected-grid-routers | title=8-port Asynchronous Synchronous Serial GRWIC for the Cisco 2010 Connec | series=CGR 2010 Connected Grid  skus(2)=GRWIC-8A/S-232= GRWIC-8A/S-232  keys=temp_operating:4 altitude_max:4 humidity_operating:2 certifications:2
   16 T=   0  routers | 17938d433b4b890e | slug=asr-9001-router | title=Cisco ASR 9001 Router Data Sheet | series=  skus(4)=A9K-MPA-1x40GE A9K-MPA-20x1GE A9K-MPA-2x10GE A9K-MPA-4x10GE  keys=humidity_operating:4 temp_storage:4 humidity_storage:4 certifications:4
   16 T=   0  routers | 1b00076fbd280814 | slug=catalyst-8200-series-edge-platforms | title=Cisco Catalyst 8200 Series Edge Platforms Data Sheet | series=  skus(2)=M2USB-16G M2USB-32G  keys=supported_protocols:2 qos_features:2 crypto_algorithms:2 temp_operating:2
   16 T=  16  routers | 4409360cd034e872 | slug=internet-of-things | title=Cisco Wireless Gateway for LoRaWAN Data Sheet | series=Wireless Gateway for LoRaWAN  skus(2)=IXM-LPWA-800-K9+ IXM-LPWA-900-K9+  keys=mounting:2 temp_operating:2 humidity_operating:2 altitude_max:2
   14 T=   0  switches | dc7880f786ba675b | slug=nexus-9000-series-switches | title=Cisco N9300 ACI Fixed Spine Switches Data Sheet | series=Nexus 9300  skus(7)=N9K-C9300-FAN3 N9K-C9300-FAN3-B N9K-C9300-ACK N9K-C9300-RMK  keys=emc_emissions:7 emc_immunity:7
   14 T=   0  routers | 82f5a72ccea5d8c8 | slug=1000-series-connected-grid-routers | title=Compute Modules for the Cisco 1000 Series Connected Grid Routers Data  | series=  skus(2)=MEM-CGMSRV-128= MEM-CGMSRV-64=  keys=temp_operating:4 altitude_max:4 shock:2 certifications:2
   14 T=   0  routers | fb92e954ec2de451 | slug=catalyst-8300-series-edge-ucpe | title=Cisco Catalyst 8300 Series Edge uCPE Data Sheet | series=  skus(14)=M2USB-75G SSD-M2SED-600G C-E1S-BLANK C-E1S-BLANK=  keys=certifications:14
   14 T=   0  optical-networking | 7212abe2990b3325 | slug=network-convergence-system-5500-series | title=Cisco Network Convergence System 5500 Series: Fixed Chassis Data Sheet | series=ONS 15454 MSTP (M2 / M6 / M12 shelves and cards)  skus(2)=15454-M-CBL-L-JPN 15454-M-CBL-R-JPN  keys=ipv4_routes:2 supported_protocols:2 segment_routing_features:2 qos_features:2
   12 T=   0  routers | 997ed055b31fb1c4 | slug=network-convergence-system-560-series-routers | title=Cisco NCS 560 Series Routers Interface Modules Data Sheet | series=ASR 902 / 903 / 907 / 914  skus(6)=A900-IMA-8Z A900-IMA-8CS1Z A900-IMA-8Z-L A900-IMA-8CS1Z=  keys=humidity_operating:6 temp_storage:6
   12 T=   0  switches | c43bdb7cb8408cc1 | slug=nexus-9000-series-switches | title=Cisco N9300-EX Series Switches Data Sheet | series=  skus(2)=N9K-PUV-1200W NXK-ACC-KIT-1RU  keys=temp_operating:2 temp_storage:2 humidity_operating:2 altitude_max:2
   12 T=   0  switches | c294a6ef715a933d | slug=nexus-9000-series-switches | title=Cisco N9300-EX, FX, and FX3 24 Port Series Switches Data Sheet | series=  skus(2)=N9K-PUV-1200W NXK-ACC-KIT-1RU  keys=temp_operating:2 temp_storage:2 humidity_operating:2 altitude_max:2
   12 T=   0  switches | 9dde779f6314c438 | slug=nexus-9000-series-switches | title=Cisco N9300-FX3S Series Switch Data Sheet | series=  skus(2)=N9K-PUV-1200W NXK-ACC-KIT-1RU  keys=temp_operating:2 temp_storage:2 humidity_operating:2 altitude_max:2
   12 T=  12  interfaces-modules | a21f8c888190fdee | slug=4000-series-integrated-services-routers-isr | title=Cisco 4-Port, 8-Port, and 8-Port with PoE/PoE+ Gigabit Ethernet LAN Sw | series=NIM (Network Interface Modules)  skus(3)=NIM-ES2-4= NIM-ES2-8-P= NIM-ES2-8=  keys=programming_interfaces:3 temp_operating:3 temp_storage:3 altitude_max:3
   12 T=   0  routers | a5dbf1f67727ca95 | slug=8000-series-routers | title=Cisco 8700 Series Routers Data Sheet | series=NCS 5700  skus(4)=NC57-2RU-ACC-KIT NC57-2RU-ACC-KIT2 NC57-2RU-ACC-KIT3 NC57-2RU-ACC-KIT4  keys=programming_interfaces:4 certifications:4 emc_immunity:4
   12 T=   0  routers | 5485d38d87b5628d | slug=network-convergence-system-5500-series | title=Cisco Network Convergence System 5700 Series: NCS-57B1 Fixed Chassis D | series=Cisco 8000  skus(1)=8200-1RU-KIT  keys=supported_protocols:1 segment_routing_features:1 qos_features:1 programming_interfaces:1
   10 T=  10  routers | 4e88992fc80b83c6 | slug=network-convergence-system-500-series-routers | title=Cisco Network Convergence System 540 Large Density Router Data Sheet | series=NCS 520, 540 and 560  skus(2)=N540-24Q8L2DD-SYS N540-24Q2C2DD-SYS  keys=supported_protocols:2 qos_features:2 programming_interfaces:2 certifications:2
   10 T=  10  routers | 6ce38f2d1f645eee | slug=connected-grid-modules | title=Cisco Connected Grid Multimode VDSL2, ADSL2/2+ and Symmetric High-Bitr | series=CGR 2010 Connected Grid  skus(2)=GRWIC-2SHDSL GRWIC-2SHDSL=  keys=altitude_max:4 shock:2 certifications:2 altitude_storage:2
   10 T=   0  wireless | 550dfd6920a1a881 | slug=access-points | title=Cisco Wireless 9177 Series Access Points Data Sheet | series=  skus(5)=CW-ACC-CVR2 CW-ACC-KIT2 CW-ANT-T-D3-N CW-ANT-T-D4-N  keys=ieee_standards:5 certifications:5
   10 T=   0  routers | 8c1bc9802938fb0b | slug=network-convergence-system-560-series-routers | title=Cisco NCS 560-7 Route Switch Processor 4 Data Sheet | series=ASR 902 / 903 / 907 / 914  skus(5)=A900-CM-GNSS A900-CM-GNSS= A900-WWA-RJ48-H A900-WWA-RJ48-V  keys=programming_interfaces:5 humidity_operating:5
   10 T=   0  wireless | 98d1cc42dbd51525 | slug=catalyst-9100ax-access-points | title=Cisco Wireless 9174 Series Access Points Data Sheet | series=  skus(5)=CW-ACC-ADPT1 CW-ANT-T-D2-D8 CW-ANT-T-O2-D8 CW-ANT-T-O4-R  keys=ieee_standards:5 certifications:5
    9 T=   0  routers | e470878f1ad70ecd | slug=8000-series-routers | title=Cisco 8608 Router Data Sheet | series=  skus(3)=PSU3.2KW-ACPI PSU3.2KW-DCPI PSU4.3KW-HVPI  keys=certifications:3 emc_emissions:3 emc_immunity:3
    9 T=   0  routers | a98f4cb97cf24fe2 | slug=carrier-routing-system | title=Cisco CRS-3 24-Slot Fabric-Card Chassis | series=CRS  skus(3)=CRS3-FC24= CRS3-FCC= CRS3-MC-FC24  keys=certifications:3 emc_immunity:3 etsi_standards:3
    8 T=   0  interfaces-modules | cdc4fb9e3635852c | slug=2000-series-connected-grid-routers | title=8-port Asynchronous Synchronous Serial GRWIC for the Cisco 2010 Connec | series=EHWIC / HWIC / VWIC / WIC  skus(1)=HWIC-8A/S-232  keys=temp_operating:2 altitude_max:2 humidity_operating:1 certifications:1
    8 T=   0  routers | 561c0f07d63e8571 | slug=800-series-routers | title=Cisco 812 CiFi Integrated Services Routers (3G-3.7G Cellular and Wi-Fi | series=ISR 819 (M2M)  skus(1)=PWR2-20W-AC  keys=qos_features:1 programming_interfaces:1 supported_protocols:1 temp_operating:1
    8 T=   8  routers | 8a809a45d23ecd5e | slug=catalyst-wireless-gateway-cg110-series | title=Cisco Catalyst Wireless Gateway CG113 Data Sheet | series=Catalyst Wireless Gateway CG113  skus(2)=CG113-4GW6x CG113-W6x  keys=supported_protocols:2 encryption:2 qos_features:2 crypto_algorithms:2
    8 T=   0  switches | 34939fb4527bb127 | slug=catalyst-9500-series-switches | title=Cisco Catalyst 9500 Series Switches Data Sheet | series=  skus(1)=C9K-T1-FANTRAY  keys=temp_operating:2 temp_storage:2 humidity_storage:2 altitude_max:1
    8 T=   0  switches | 373a1a15bf37d21f | slug=catalyst-9500-series-switches | title=Cisco Catalyst 9500 Series Switches Data Sheet | series=  skus(1)=C9K-T1-FANTRAY  keys=temp_operating:2 temp_storage:2 humidity_storage:2 altitude_max:1
    8 T=   8  routers | 2dd09efe83da535f | slug=connected-grid-modules | title=Cisco Connected Grid ISDN BRI U and BRI S/T GRWICs for the Cisco 2010  | series=CGR 2010 Connected Grid  skus(2)=GRWIC-ISDN-1B-U GRWIC-ISDN-1B-U=  keys=shock:2 altitude_max:2 certifications:2 altitude_storage:2
    8 T=   0  routers | 834d24533f2a64fb | slug=high-speed-wan-interface-cards | title=Cisco EtherSwitch 4- and 9-Port High-Speed WAN Interface Cards | series=ISR 3800  skus(2)=CISCO3825-AC-IP CISCO3845-AC-IP  keys=programming_interfaces:2 temp_operating:2 humidity_operating:2 temp_storage:2
    8 T=   0  routers | 81ff5bcea51fabc3 | slug=network-convergence-system-4200-series | title=Cisco NCS 4200 Series Route Switch Processor Data Sheet | series=ASR 902 / 903 / 907 / 914  skus(4)=A900-CM-GNSS A900-CM-GNSS= A900-WWA-RJ48-H A900-WWA-RJ48-V  keys=programming_interfaces:4 humidity_operating:4
    8 T=   0  routers | 944de49891bd21ca | slug=network-convergence-system-560-series-routers | title=Cisco NCS 560-4 Route Switch Processor 4 Data Sheet | series=ASR 902 / 903 / 907 / 914  skus(4)=A900-CM-GNSS A900-CM-GNSS= A900-WWA-RJ48-H A900-WWA-RJ48-V  keys=programming_interfaces:4 humidity_operating:4
    8 T=   0  routers | 4409360cd034e872 | slug=internet-of-things | title=Cisco Wireless Gateway for LoRaWAN Data Sheet | series=  skus(1)=ANT-LPWA-DB-O-N-5  keys=mounting:1 temp_operating:1 humidity_operating:1 altitude_max:1
    8 T=   0  interfaces-modules | e16e6f059b712909 | slug=catalyst-8200-series-edge-ucpe | title=Cisco Catalyst 8200 Series Edge uCPE Data Sheet | series=Pluggable Interface Modules (LTE / 5G / serial)  skus(1)=P-LTEAP18-GL  keys=supported_protocols:1 qos_features:1 crypto_algorithms:1 temp_operating:1
    8 T=   0  routers | 17938d433b4b890e | slug=asr-9001-router | title=Cisco ASR 9001 Router Data Sheet | series=ASR 9000  skus(2)=A9K-750W-AC A9K-750W-DC  keys=humidity_operating:2 temp_storage:2 humidity_storage:2 certifications:2
    8 T=   0  routers | 38a8f5caffca27f6 | slug=carrier-routing-system | title=Cisco CRS 1-Port OC-768C/STM-256C DPSK+ Tunable WDMPOS Interface Modul | series=CRS  skus(2)=1OC768-DPSK/C 1OC768-DPSK/C-O=  keys=supported_protocols:2 certifications:2 emc_immunity:2 etsi_standards:2
    8 T=   0  routers | c2f2c267baa2122a | slug=catalyst-8500-series-edge-platforms | title=Cisco Catalyst 8500 Series Edge Platforms Data Sheet | series=  skus(2)=SSD-M2NVME-2T SSD-M2NVME-2T=  keys=supported_protocols:2 qos_features:2 crypto_algorithms:2 certifications:2
    8 T=   0  wireless | 4409360cd034e872 | slug=internet-of-things | title=Cisco Wireless Gateway for LoRaWAN Data Sheet | series=  skus(1)=AIR-ACC1530-PMK1  keys=mounting:1 temp_operating:1 humidity_operating:1 altitude_max:1
    6 T=   0  routers | d06d826e570b1ac0 | slug=ucs-e-series-servers | title=Cisco UCS E-Series M6 Server Data Sheet | series=Catalyst 8300  skus(2)=C8300-2N2S-4T2X C8300-2N2S-6T  keys=certifications:2 emc_emissions:2 emc_immunity:2
    6 T=   0  switches | 025ed93f1b5e9c8a | slug=nexus-9000-series-switches | title=Cisco N9300 Platform Switches Data Sheet | series=  skus(1)=N9K-PUV-1200W  keys=temp_operating:1 temp_storage:1 humidity_operating:1 altitude_max:1
    6 T=   0  wireless | 550dfd6920a1a881 | slug=access-points | title=Cisco Wireless 9177 Series Access Points Data Sheet | series=Catalyst CW9177 (outdoor, Wi-Fi 7)  skus(3)=CW9177D CW9177E CW9177I  keys=ieee_standards:3 certifications:3
    6 T=   0  routers | 20c929c8cda27895 | slug=asr-903-series-aggregation-services-routers | title=Cisco ASR 900 Series Route Switch Processor Data Sheet | series=  skus(2)=A90X-RSPA-BLANK= A90X-RSPB-BLANK=  keys=programming_interfaces:2 humidity_operating:2 ipv4_routes:2
    6 T=   0  routers | fa79595f1ba6189a | slug=2000-series-connected-grid-routers | title=Cisco Ethernet Switch Modules for Cisco 2000 Series Connected Grid Rou | series=CGR 2010 Connected Grid  skus(2)=GRWIC-D-ES-2S-8PC GRWIC-D-ES-6S  keys=ieee_standards:2 certifications:2 temp_storage:2
    6 T=   0  switches | 0c7601fd0a07b138 | slug=catalyst-2960-plus-series-switches | title=Cisco Catalyst 2960-Plus Series Switches Data Sheet | series=Redundant Power System  skus(3)=ACC-RPS2300= BLNK-RPS2300= BLWR-RPS2300=  keys=ieee_standards:3 rfc_compliance:3
    6 T=   0  switches | a7fb3f031277ddf4 | slug=catalyst-2960-series-switches | title=Cisco Catalyst 2960-S and 2960 Series Switches with LAN Lite Software  | series=  skus(2)=RCKMNT-1RU= RCKMNT-REC-1RU=  keys=ieee_standards:2 rfc_compliance:2 certifications:2
    6 T=   0  switches | d332e0a55e2b4c0b | slug=catalyst-2960-series-switches | title=Cisco Catalyst 2960-S and 2960 Series Switches with LAN Lite Software  | series=  skus(2)=RCKMNT-1RU= RCKMNT-REC-1RU=  keys=ieee_standards:2 rfc_compliance:2 certifications:2
    6 T=   0  switches | df62c7424eff7d1f | slug=nexus-6001-switch | title=Cisco Nexus 6001 Switch Data Sheet | series=Nexus 6000  skus(3)=N6K-C6001-64P N6K-C6001-64T N6K-C6001-ACC-KIT=  keys=emc_emissions:3 emc_immunity:3
    6 T=   0  switches | 66f24c36fabebf74 | slug=nexus-9000-series-switches | title=Cisco N9200 Platform Switches Data Sheet | series=Nexus 3016 / 3048 / 3064 / 3100 / 3200 / 3400  skus(1)=N3K-C3064-ACC-KIT  keys=temp_operating:1 temp_storage:1 humidity_operating:1 altitude_max:1
    6 T=   0  switches | 025ed93f1b5e9c8a | slug=nexus-9000-series-switches | title=Cisco N9300 Platform Switches Data Sheet | series=Nexus 3016 / 3048 / 3064 / 3100 / 3200 / 3400  skus(1)=N3K-C3064-ACC-KIT  keys=temp_operating:1 temp_storage:1 humidity_operating:1 altitude_max:1
    6 T=   6  switches | 9dde779f6314c438 | slug=nexus-9000-series-switches | title=Cisco N9300-FX3S Series Switch Data Sheet | series=Nexus 9300  skus(1)=N9K-C93180YC-FX3S  keys=temp_operating:1 temp_storage:1 humidity_operating:1 altitude_max:1
    6 T=   0  routers | 24ae5f20fead09ba | slug=1905-serial-integrated-services-router-isr | title=Cisco 1905 Series Integrated Services Routers | series=ISR 1900  skus(2)=CISCO1905-SEC/K9 CISCO1905/K9  keys=supported_protocols:2 qos_features:2 altitude_storage:2
    5 T=   0  interfaces-modules | 6ce38f2d1f645eee | slug=connected-grid-modules | title=Cisco Connected Grid Multimode VDSL2, ADSL2/2+ and Symmetric High-Bitr | series=EHWIC / HWIC / VWIC / WIC  skus(1)=HWIC-2SHDSL  keys=altitude_max:2 shock:1 certifications:1 altitude_storage:1
    5 T=   5  routers | d79e79c38784c60f | slug=crs-1-8-slot-single-shelf-system | title=Cisco CRS 4-Port 10GE Tunable WDMPHY Interface Module. | series=CRS  skus(1)=4-10GE-ITU/C  keys=ieee_standards:1 certifications:1 emc_immunity:1 etsi_standards:1
    4 T=   0  interfaces-modules | fb92e954ec2de451 | slug=catalyst-8300-series-edge-ucpe | title=Cisco Catalyst 8300 Series Edge uCPE Data Sheet | series=Pluggable Interface Modules (LTE / 5G / serial)  skus(4)=P-LTEA7-NA P-LTEA7-EAL P-5GS6-R16SA-GL P-LTEA7-IN  keys=certifications:4
    4 T=   0  interfaces-modules | aace60714b821074 | slug=4000-series-integrated-services-routers-isr | title=High-Density Analog Voice and Fax Service Modules for Cisco 4000 Serie | series=SM-X and SM Service Modules  skus(4)=SM-X-8FXS/12FXO SM-X-16FXS/2FXO SM-X-24FXS/4FXO SM-X-72FXS  keys=certifications:4
    4 T=   0  switches | 4acf1239580e3ae6 | slug=nexus-6000-series-switches | title=Cisco Nexus 6004 Extensible Fixed Switch Data Sheet | series=Nexus 5600  skus(2)=N5696-M4C N5696-M4C=  keys=emc_emissions:2 emc_immunity:2
    4 T=   0  switches | c78a555a57fdf671 | slug=nexus-9000-series-switches | title=Cisco N9332C and N9364C Fixed Spine Switches Data Sheet | series=  skus(4)=N9K-PUV-1200W NXA-PHV-1100W-PE NXA-PHV-1100W-PI NXK-ACC-KIT-2RU  keys=emc_immunity:4
    4 T=   0  wireless | 550dfd6920a1a881 | slug=access-points | title=Cisco Wireless 9177 Series Access Points Data Sheet | series=Antennas  skus(2)=AIR-ANT2513P4M-N/NS AIR-ANT2588P4M-NS  keys=ieee_standards:2 certifications:2
    4 T=   0  routers | 81ff5bcea51fabc3 | slug=network-convergence-system-4200-series | title=Cisco NCS 4200 Series Route Switch Processor Data Sheet | series=  skus(2)=A90X-RSPA-BLANK= A90X-RSPB-BLANK=  keys=programming_interfaces:2 humidity_operating:2
    4 T=   4  routers | 1f82f1ecc4bb560e | slug=5400-enterprise-network-compute-system | title=Cisco 5000 Enterprise Network Compute System Data Sheet | series=ENCS 5000  skus(4)=ENCS5104P/K9 ENCS5406P/K9 ENCS5408P/K9 ENCS5412P/K9  keys=supported_protocols:4
    4 T=   0  routers | e409e88f0a866be6 | slug=6000-series-switches | title=Cisco 6000 Series Switches Data Sheet | series=  skus(4)=PSU2KW-ACPE PSU2KW-ACPI PSU2KW-DCPE PSU2KW-DCPI  keys=certifications:4
    4 T=   0  routers | 2f81e763d10ce625 | slug=carrier-routing-system | title=Cisco CRS-3 1-Port 100 Gigabit Ethernet Interface Module | series=  skus(1)=1X100GBE  keys=ieee_standards:1 certifications:1 emc_immunity:1 etsi_standards:1
    4 T=   4  routers | 9b9a57b5d58ea8eb | slug=carrier-routing-system | title=Cisco CRS 4-Port 40GE LAN/OTN Interface Module | series=CRS  skus(1)=4-40GE-L/OTN  keys=supported_protocols:1 certifications:1 emc_immunity:1 etsi_standards:1
    4 T=   0  routers | 4605c5e6c93bfbde | slug=carrier-routing-system | title=Cisco CRS 1-Port OC-768C/STM-256C Tunable WDMPOS Interface Module | series=CRS  skus(1)=1OC768-ITU/C  keys=supported_protocols:1 certifications:1 emc_immunity:1 etsi_standards:1
    4 T=   0  routers | c2f2c267baa2122a | slug=catalyst-8500-series-edge-platforms | title=Cisco Catalyst 8500 Series Edge Platforms Data Sheet | series=Catalyst 8300  skus(1)=C-RFID-1R  keys=supported_protocols:1 qos_features:1 crypto_algorithms:1 certifications:1
    4 T=   0  switches | b3b5236d9f43fa54 | slug=catalyst-2960-s-series-switches | title=Cisco Catalyst 2960-S Series Switches Data Sheet | series=Redundant Power System  skus(2)=BLNK-RPS2300= BLWR-RPS2300=  keys=ieee_standards:2 rfc_compliance:2
    4 T=   0  switches | 0c7601fd0a07b138 | slug=catalyst-2960-plus-series-switches | title=Cisco Catalyst 2960-Plus Series Switches Data Sheet | series=  skus(2)=RCKMNT-1RU= RCKMNT-REC-1RU=  keys=ieee_standards:2 rfc_compliance:2
    4 T=   0  switches | b3b5236d9f43fa54 | slug=catalyst-2960-s-series-switches | title=Cisco Catalyst 2960-S Series Switches Data Sheet | series=  skus(2)=RCKMNT-1RU= RCKMNT-REC-1RU=  keys=ieee_standards:2 rfc_compliance:2
    4 T=   0  switches | 6808d677ec50358c | slug=nexus-5624q-switch | title=Cisco Nexus 5600 Platform 40-Gbps Switches Data Sheet | series=Nexus 5500  skus(2)=N5596-ACC-KIT= N5596-ACC-KIT  keys=emc_emissions:2 emc_immunity:2
    4 T=   0  switches | c78a555a57fdf671 | slug=nexus-9000-series-switches | title=Cisco N9332C and N9364C Fixed Spine Switches Data Sheet | series=Nexus 9300  skus(4)=N9K-C9300-ACK N9K-C9300-RMK N9K-C9332C N9K-C9364C  keys=emc_immunity:4
    3 T=   0  switches | e409e88f0a866be6 | slug=6000-series-switches | title=Cisco 6000 Series Switches Data Sheet | series=  skus(3)=PSU3KW-HVPI N9K-ACC-KIT-1RU-L N9K-ACC-KIT-1RU-S  keys=certifications:3
    3 T=   0  interfaces-modules | fb92e954ec2de451 | slug=catalyst-8300-series-edge-ucpe | title=Cisco Catalyst 8300 Series Edge uCPE Data Sheet | series=NIM (Network Interface Modules)  skus(3)=C-NIM-4X C-NIM-8T C-NIM-8M  keys=certifications:3
    3 T=   3  routers | 2bd1acffb3643746 | slug=network-convergence-system-500-series-routers | title=Cisco Network Convergence System 540 Small Density Routers Data Sheet | series=NCS 520, 540 and 560  skus(1)=N540-6Z14S-SYS-D  keys=supported_protocols:1 segment_routing_features:1 qos_features:1
    3 T=   0  routers | d527fab196e02ec3 | slug=800-series-routers | title=Cisco 890 Series Integrated Services Routers Data Sheet | series=ISR 2900  skus(1)=ACS-2901-RM-19  keys=qos_features:1 dram:1 certifications:1
    3 T=   0  switches | 4ffd3ca1a4b8f5f5 | slug=catalyst-4900-series-switches | title=Cisco Catalyst 4948 Switch Data Sheet | series=CSS 11500  skus(3)=CSS5-CABLX-LCSC= CSS5-CABSX-LC= CSS5-CABSX-LCSC=  keys=certifications:3
    2 T=   0  interfaces-modules | f79b303868c721b3 | slug=800m-integrated-services-router-isr | title=1-port Serial WAN Interface Module for Cisco 800M Series Integrated Se | series=Cellular and WAN interface modules (MC / PCEX / WIM)  skus(1)=WIM-1T  keys=supported_protocols:1 certifications:1
    2 T=   0  routers | 27af7fecc4bbf8ea | slug=catalyst-cellular-gateways | title=Cisco Catalyst Cellular Gateways Data Sheet | series=Catalyst Cellular Gateway CG418 and CG522  skus(2)=CG522-E CG418-E  keys=certifications:2
    2 T=   0  switches | d4f2edad9ed4f1eb | slug=nexus-5000-series-switches | title=Cisco Nexus 5600 Platform 10-Gbps Switches Data Sheet | series=  skus(1)=NXA-PHV-1100W  keys=emc_emissions:1 emc_immunity:1
    2 T=   0  switches | 6808d677ec50358c | slug=nexus-5624q-switch | title=Cisco Nexus 5600 Platform 40-Gbps Switches Data Sheet | series=  skus(1)=NXA-PHV-1100W  keys=emc_emissions:1 emc_immunity:1
    2 T=   0  switches | dc7880f786ba675b | slug=nexus-9000-series-switches | title=Cisco N9300 ACI Fixed Spine Switches Data Sheet | series=  skus(1)=N9K-PUV-1200W  keys=emc_emissions:1 emc_immunity:1
    2 T=   0  routers | 550dfd6920a1a881 | slug=access-points | title=Cisco Wireless 9177 Series Access Points Data Sheet | series=  skus(1)=CW-CAB-004-N4-N4  keys=ieee_standards:1 certifications:1
    2 T=   2  routers | ab1a0f8e072ffaa1 | slug=carrier-routing-system | title=Cisco CRS 2-Port 40GE LAN/OTN Interface Module | series=CRS  skus(1)=2-40GE-L/OTN  keys=supported_protocols:1 certifications:1
    2 T=   2  routers | c6d797f922e4a680 | slug=carrier-routing-system | title=Cisco CRS Label Switch Processors Data Sheet | series=CRS  skus(1)=CRS-LSP400G  keys=certifications:1 etsi_standards:1
    2 T=   0  routers | 756882088d618fa1 | slug=network-convergence-system-6000-series-routers | title=Cisco Network Convergence System 6000 Series 20-Port 100-Gbps Label Sw | series=  skus(2)=NCS-PP-100X10-LR= NCS-PP-100X10-SR=  keys=ieee_standards:2
    2 T=   0  switches | d4f2edad9ed4f1eb | slug=nexus-5000-series-switches | title=Cisco Nexus 5600 Platform 10-Gbps Switches Data Sheet | series=Nexus 5500  skus(1)=N5596-ACC-KIT=  keys=emc_emissions:1 emc_immunity:1
    2 T=   0  switches | dc7880f786ba675b | slug=nexus-9000-series-switches | title=Cisco N9300 ACI Fixed Spine Switches Data Sheet | series=Nexus 3016 / 3048 / 3064 / 3100 / 3200 / 3400  skus(1)=N3K-C3064-ACC-KIT  keys=emc_emissions:1 emc_immunity:1
    2 T=   0  routers | 98d1cc42dbd51525 | slug=catalyst-9100ax-access-points | title=Cisco Wireless 9174 Series Access Points Data Sheet | series=  skus(1)=CW-CAB-001-D8-R4  keys=ieee_standards:1 certifications:1
    1 T=   1  routers | cab3b890c89af457 | slug=sdwan-routers | title=Cisco Secure Console Servers Data Sheet | series=Secure Console  skus(1)=C8220TG-48A-O  keys=dram:1
    1 T=   0  routers | 76d995862361e0d3 | slug=1000-series-connected-grid-routers | title=Cisco Connected Grid WPAN Module for the Cisco 1000 Series Connected G | series=  skus(1)=ANT-LPWA-DB-O-N-5  keys=altitude_storage:1
    1 T=   0  routers | 99acfb1162c12af9 | slug=network-convergence-system-6000-series-routers | title=Cisco Network Convergence System 6000 Series 10-Port 100-Gbps Label Sw | series=  skus(1)=NCS-PP-100X10-SR  keys=ieee_standards:1
    1 T=   0  routers | e409e88f0a866be6 | slug=6000-series-switches | title=Cisco 6000 Series Switches Data Sheet | series=Cisco 8000  skus(1)=8K-2RU-KIT-SB  keys=certifications:1
    1 T=   0  switches | c78a555a57fdf671 | slug=nexus-9000-series-switches | title=Cisco N9332C and N9364C Fixed Spine Switches Data Sheet | series=Nexus 3016 / 3048 / 3064 / 3100 / 3200 / 3400  skus(1)=N3K-C3064-ACC-KIT  keys=emc_immunity:1
